I'm sorry, but errors were detected in your script. Please correct the
errors listed below, and try again.


File "game/script.rpy", line 47: ATL statement contains two expressions in a row; is one of them a misspelled property? If not, separate them with pass.
    stop music
              ^

Ren'Py Version: Ren'Py 8.0.3.22090809
Sat Oct 29 09:45:05 2022
